// Jest Snapshot v1, https://goo.gl/fbAQLP

exports[`should return correct json data 1`] = `"{\\"difficulty\\":\\"7724697433196\\",\\"gasLimit\\":3141592,\\"gasUsed\\":42000,\\"hash\\":\\"0xfb8580b170296d5a2c9e7897e68b240bb66d4e60c285bd7621a43dcb92d3e09c\\",\\"miner\\":\\"0x957523c697993cB24FCf75EfBce4f228325e7383\\",\\"parentHash\\":\\"0x342d528eb9c8a5b1fe7a10756573d8f218933930868295fcd93e03107f4edebf\\",\\"totalDifficulty\\":\\"3588404905402599053\\",\\"transactions\\":[\\"0x4b6776c238213a86fa01852f6faeec4f38a4ca5248b488166abc1efef407da06\\",\\"0xd6a80a88b9564aa7580b90ca2e5fec8da9d113f54370f86f72fcf0e40f05d131\\"]}"`;
