// Jest Snapshot v1, https://goo.gl/fbAQLP

exports[`should return correct json data 1`] = `"{\\"enode\\":\\"enode://a18907c4c4e27e1bb417b098499913b66bd99bd74cd6a4dfd2a315ca23a0f09bb05a6a838f4d0e107c60d19df4c0e41dc34de5a3c30435f5d84904461aa9b@192.168.1.101:30303\\",\\"name\\":\\"Geth/v1.8.13-stable/darwin-amd64/go1.10.3\\"}"`;
